<List>
  <entities>
    <Entity>
      <type>NPC</type>
      <name>Oak</name>
      <spriteset>Oak</spriteset>
      <x>6</x>
      <y>10</y>
      <layer>1</layer>
      <script>Oak</script>
      <facing>South</facing>
      <strings>
      </strings>
    </Entity>
    <Entity>
      <type>NPC</type>
      <name>Blue</name>
      <spriteset>Blue</spriteset>
      <x>5</x>
      <y>9</y>
      <layer>1</layer>
      <script>Blue</script>
      <facing>South</facing>
      <strings>
      </strings>
      <hidden>true</hidden>
    </Entity>
    <Entity>
      <type>NPC</type>
      <name>scientist</name>
      <spriteset>scientist1</spriteset>
      <x>3</x>
      <y>2</y>
      <layer>1</layer>
      <script>Pallet_Town_Scientist</script>
      <facing>East</facing>
      <strings>
      </strings>
    </Entity>
    <Entity>
      <type>NPC</type>
      <name>scientist</name>
      <spriteset>scientist1</spriteset>
      <x>7</x>
      <y>2</y>
      <layer>1</layer>
      <script>Pallet_Town_Scientist</script>
      <facing>West</facing>
      <strings>
      </strings>
    </Entity>
    <Entity>
      <type>NPC</type>
      <name>chick</name>
      <spriteset>girl1</spriteset>
      <x>2</x>
      <y>4</y>
      <layer>1</layer>
      <script>Pallet_Town_Person_C</script>
      <facing>North</facing>
      <strings>
      </strings>
    </Entity>
    <Entity>
      <type>Object</type>
      <name>pokeballChar</name>
      <spriteset>pokeball</spriteset>
      <x>7</x>
      <y>9</y>
      <layer>2</layer>
      <script>PickChar</script>
      <strings>
      </strings>
    </Entity>
    <Entity>
      <type>Object</type>
      <name>pokeballSquir</name>
      <spriteset>pokeball</spriteset>
      <x>8</x>
      <y>9</y>
      <layer>2</layer>
      <script>Oak</script>
      <strings>
      </strings>
    </Entity>
    <Entity>
      <type>Object</type>
      <name>pokeballBlub</name>
      <spriteset>pokeball</spriteset>
      <x>9</x>
      <y>9</y>
      <layer>2</layer>
      <script>Oak</script>
      <strings>
      </strings>
    </Entity>
	<Entity>
		<type>Trainer</type>
		<name>RivalSquirtleTrainer</name>
		<spriteset>Blue</spriteset>
		<x>0</x>
		<y>0</y>
		<layer>0</layer>
		<facing>South</facing>
		<strings>
		</strings>
		<hidden>true</hidden>
		<party>
			<String>squirtle 5</String>
		</party>
	</Entity>
  </entities>
</List>